
> pg-closets-website@0.1.0 build
> next build

   ▲ Next.js 15.2.4

   Creating an optimized production build ...
 ✓ Compiled successfully
   Linting and checking validity of types ...

./app/ClientHomePage.tsx
48:13  Warning: Do not use an `<a>` element to navigate to `/`. Use `<Link />` from `next/link` instead. See: https://nextjs.org/docs/messages/no-html-link-for-pages  @next/next/no-html-link-for-pages
59:15  Warning: Do not use an `<a>` element to navigate to `/`. Use `<Link />` from `next/link` instead. See: https://nextjs.org/docs/messages/no-html-link-for-pages  @next/next/no-html-link-for-pages
62:15  Warning: Do not use an `<a>` element to navigate to `/products/`. Use `<Link />` from `next/link` instead. See: https://nextjs.org/docs/messages/no-html-link-for-pages  @next/next/no-html-link-for-pages
106:15  Warning: Do not use an `<a>` element to navigate to `/`. Use `<Link />` from `next/link` instead. See: https://nextjs.org/docs/messages/no-html-link-for-pages  @next/next/no-html-link-for-pages
109:15  Warning: Do not use an `<a>` element to navigate to `/products/`. Use `<Link />` from `next/link` instead. See: https://nextjs.org/docs/messages/no-html-link-for-pages  @next/next/no-html-link-for-pages
180:13  Warning: Do not use an `<a>` element to navigate to `/products/`. Use `<Link />` from `next/link` instead. See: https://nextjs.org/docs/messages/no-html-link-for-pages  @next/next/no-html-link-for-pages
234:21  Warning: Do not use an `<a>` element to navigate to `/products/`. Use `<Link />` from `next/link` instead. See: https://nextjs.org/docs/messages/no-html-link-for-pages  @next/next/no-html-link-for-pages
502:15  Warning: Do not use an `<a>` element to navigate to `/`. Use `<Link />` from `next/link` instead. See: https://nextjs.org/docs/messages/no-html-link-for-pages  @next/next/no-html-link-for-pages
519:17  Warning: Do not use an `<a>` element to navigate to `/`. Use `<Link />` from `next/link` instead. See: https://nextjs.org/docs/messages/no-html-link-for-pages  @next/next/no-html-link-for-pages
522:17  Warning: Do not use an `<a>` element to navigate to `/products/`. Use `<Link />` from `next/link` instead. See: https://nextjs.org/docs/messages/no-html-link-for-pages  @next/next/no-html-link-for-pages

./app/ClientPage.tsx
24:15  Warning: Do not use an `<a>` element to navigate to `/`. Use `<Link />` from `next/link` instead. See: https://nextjs.org/docs/messages/no-html-link-for-pages  @next/next/no-html-link-for-pages
27:15  Warning: Do not use an `<a>` element to navigate to `/products/`. Use `<Link />` from `next/link` instead. See: https://nextjs.org/docs/messages/no-html-link-for-pages  @next/next/no-html-link-for-pages
60:15  Warning: Do not use an `<a>` element to navigate to `/`. Use `<Link />` from `next/link` instead. See: https://nextjs.org/docs/messages/no-html-link-for-pages  @next/next/no-html-link-for-pages
63:15  Warning: Do not use an `<a>` element to navigate to `/products/`. Use `<Link />` from `next/link` instead. See: https://nextjs.org/docs/messages/no-html-link-for-pages  @next/next/no-html-link-for-pages

./app/admin/products/page.tsx
44:6  Warning: React Hook useEffect has a missing dependency: 'loadProducts'. Either include it or remove the dependency array.  react-hooks/exhaustive-deps

./app/contact/ContactClientPage.tsx
63:13  Warning: Do not use an `<a>` element to navigate to `/`. Use `<Link />` from `next/link` instead. See: https://nextjs.org/docs/messages/no-html-link-for-pages  @next/next/no-html-link-for-pages
80:15  Warning: Do not use an `<a>` element to navigate to `/`. Use `<Link />` from `next/link` instead. See: https://nextjs.org/docs/messages/no-html-link-for-pages  @next/next/no-html-link-for-pages
83:15  Warning: Do not use an `<a>` element to navigate to `/products/`. Use `<Link />` from `next/link` instead. See: https://nextjs.org/docs/messages/no-html-link-for-pages  @next/next/no-html-link-for-pages
124:15  Warning: Do not use an `<a>` element to navigate to `/`. Use `<Link />` from `next/link` instead. See: https://nextjs.org/docs/messages/no-html-link-for-pages  @next/next/no-html-link-for-pages
127:15  Warning: Do not use an `<a>` element to navigate to `/products/`. Use `<Link />` from `next/link` instead. See: https://nextjs.org/docs/messages/no-html-link-for-pages  @next/next/no-html-link-for-pages
150:13  Warning: Do not use an `<a>` element to navigate to `/`. Use `<Link />` from `next/link` instead. See: https://nextjs.org/docs/messages/no-html-link-for-pages  @next/next/no-html-link-for-pages
247:15  Warning: Do not use an `<a>` element to navigate to `/`. Use `<Link />` from `next/link` instead. See: https://nextjs.org/docs/messages/no-html-link-for-pages  @next/next/no-html-link-for-pages
269:17  Warning: Do not use an `<a>` element to navigate to `/`. Use `<Link />` from `next/link` instead. See: https://nextjs.org/docs/messages/no-html-link-for-pages  @next/next/no-html-link-for-pages
272:17  Warning: Do not use an `<a>` element to navigate to `/products/`. Use `<Link />` from `next/link` instead. See: https://nextjs.org/docs/messages/no-html-link-for-pages  @next/next/no-html-link-for-pages

./app/files/page.tsx
106:6  Warning: React Hook useEffect has a missing dependency: 'fetchFiles'. Either include it or remove the dependency array.  react-hooks/exhaustive-deps

./app/gallery/page.tsx
13:13  Warning: Do not use an `<a>` element to navigate to `/`. Use `<Link />` from `next/link` instead. See: https://nextjs.org/docs/messages/no-html-link-for-pages  @next/next/no-html-link-for-pages
24:15  Warning: Do not use an `<a>` element to navigate to `/`. Use `<Link />` from `next/link` instead. See: https://nextjs.org/docs/messages/no-html-link-for-pages  @next/next/no-html-link-for-pages
27:15  Warning: Do not use an `<a>` element to navigate to `/products/`. Use `<Link />` from `next/link` instead. See: https://nextjs.org/docs/messages/no-html-link-for-pages  @next/next/no-html-link-for-pages
116:15  Warning: Do not use an `<a>` element to navigate to `/`. Use `<Link />` from `next/link` instead. See: https://nextjs.org/docs/messages/no-html-link-for-pages  @next/next/no-html-link-for-pages
133:17  Warning: Do not use an `<a>` element to navigate to `/`. Use `<Link />` from `next/link` instead. See: https://nextjs.org/docs/messages/no-html-link-for-pages  @next/next/no-html-link-for-pages
136:17  Warning: Do not use an `<a>` element to navigate to `/products/`. Use `<Link />` from `next/link` instead. See: https://nextjs.org/docs/messages/no-html-link-for-pages  @next/next/no-html-link-for-pages

./app/not-found.tsx
11:13  Warning: Do not use an `<a>` element to navigate to `/`. Use `<Link />` from `next/link` instead. See: https://nextjs.org/docs/messages/no-html-link-for-pages  @next/next/no-html-link-for-pages
22:15  Warning: Do not use an `<a>` element to navigate to `/`. Use `<Link />` from `next/link` instead. See: https://nextjs.org/docs/messages/no-html-link-for-pages  @next/next/no-html-link-for-pages
25:15  Warning: Do not use an `<a>` element to navigate to `/products/`. Use `<Link />` from `next/link` instead. See: https://nextjs.org/docs/messages/no-html-link-for-pages  @next/next/no-html-link-for-pages
59:11  Warning: Do not use an `<a>` element to navigate to `/`. Use `<Link />` from `next/link` instead. See: https://nextjs.org/docs/messages/no-html-link-for-pages  @next/next/no-html-link-for-pages
65:11  Warning: Do not use an `<a>` element to navigate to `/products/`. Use `<Link />` from `next/link` instead. See: https://nextjs.org/docs/messages/no-html-link-for-pages  @next/next/no-html-link-for-pages
85:15  Warning: Do not use an `<a>` element to navigate to `/`. Use `<Link />` from `next/link` instead. See: https://nextjs.org/docs/messages/no-html-link-for-pages  @next/next/no-html-link-for-pages
102:17  Warning: Do not use an `<a>` element to navigate to `/`. Use `<Link />` from `next/link` instead. See: https://nextjs.org/docs/messages/no-html-link-for-pages  @next/next/no-html-link-for-pages
105:17  Warning: Do not use an `<a>` element to navigate to `/products/`. Use `<Link />` from `next/link` instead. See: https://nextjs.org/docs/messages/no-html-link-for-pages  @next/next/no-html-link-for-pages

./app/page.tsx
48:13  Warning: Do not use an `<a>` element to navigate to `/`. Use `<Link />` from `next/link` instead. See: https://nextjs.org/docs/messages/no-html-link-for-pages  @next/next/no-html-link-for-pages
59:15  Warning: Do not use an `<a>` element to navigate to `/`. Use `<Link />` from `next/link` instead. See: https://nextjs.org/docs/messages/no-html-link-for-pages  @next/next/no-html-link-for-pages
62:15  Warning: Do not use an `<a>` element to navigate to `/products/`. Use `<Link />` from `next/link` instead. See: https://nextjs.org/docs/messages/no-html-link-for-pages  @next/next/no-html-link-for-pages
106:15  Warning: Do not use an `<a>` element to navigate to `/`. Use `<Link />` from `next/link` instead. See: https://nextjs.org/docs/messages/no-html-link-for-pages  @next/next/no-html-link-for-pages
109:15  Warning: Do not use an `<a>` element to navigate to `/products/`. Use `<Link />` from `next/link` instead. See: https://nextjs.org/docs/messages/no-html-link-for-pages  @next/next/no-html-link-for-pages
180:13  Warning: Do not use an `<a>` element to navigate to `/products/`. Use `<Link />` from `next/link` instead. See: https://nextjs.org/docs/messages/no-html-link-for-pages  @next/next/no-html-link-for-pages
234:21  Warning: Do not use an `<a>` element to navigate to `/products/`. Use `<Link />` from `next/link` instead. See: https://nextjs.org/docs/messages/no-html-link-for-pages  @next/next/no-html-link-for-pages
315:15  Warning: Do not use an `<a>` element to navigate to `/`. Use `<Link />` from `next/link` instead. See: https://nextjs.org/docs/messages/no-html-link-for-pages  @next/next/no-html-link-for-pages
332:17  Warning: Do not use an `<a>` element to navigate to `/`. Use `<Link />` from `next/link` instead. See: https://nextjs.org/docs/messages/no-html-link-for-pages  @next/next/no-html-link-for-pages
335:17  Warning: Do not use an `<a>` element to navigate to `/products/`. Use `<Link />` from `next/link` instead. See: https://nextjs.org/docs/messages/no-html-link-for-pages  @next/next/no-html-link-for-pages

./app/products/page.tsx
154:15  Warning: Do not use an `<a>` element to navigate to `/`. Use `<Link />` from `next/link` instead. See: https://nextjs.org/docs/messages/no-html-link-for-pages  @next/next/no-html-link-for-pages
157:15  Warning: Do not use an `<a>` element to navigate to `/products/`. Use `<Link />` from `next/link` instead. See: https://nextjs.org/docs/messages/no-html-link-for-pages  @next/next/no-html-link-for-pages
190:17  Warning: Do not use an `<a>` element to navigate to `/`. Use `<Link />` from `next/link` instead. See: https://nextjs.org/docs/messages/no-html-link-for-pages  @next/next/no-html-link-for-pages
193:17  Warning: Do not use an `<a>` element to navigate to `/products/`. Use `<Link />` from `next/link` instead. See: https://nextjs.org/docs/messages/no-html-link-for-pages  @next/next/no-html-link-for-pages
491:19  Warning: Do not use an `<a>` element to navigate to `/products/`. Use `<Link />` from `next/link` instead. See: https://nextjs.org/docs/messages/no-html-link-for-pages  @next/next/no-html-link-for-pages
496:19  Warning: Do not use an `<a>` element to navigate to `/products/`. Use `<Link />` from `next/link` instead. See: https://nextjs.org/docs/messages/no-html-link-for-pages  @next/next/no-html-link-for-pages
501:19  Warning: Do not use an `<a>` element to navigate to `/products/`. Use `<Link />` from `next/link` instead. See: https://nextjs.org/docs/messages/no-html-link-for-pages  @next/next/no-html-link-for-pages
506:19  Warning: Do not use an `<a>` element to navigate to `/products/`. Use `<Link />` from `next/link` instead. See: https://nextjs.org/docs/messages/no-html-link-for-pages  @next/next/no-html-link-for-pages

./components/MediaGallery.tsx
123:6  Warning: React Hook useEffect has a missing dependency: 'fetchFiles'. Either include it or remove the dependency array.  react-hooks/exhaustive-deps

./components/layout/page-header.tsx
83:6  Warning: React Hook useEffect has a missing dependency: 'navigationItems'. Either include it or remove the dependency array.  react-hooks/exhaustive-deps

./components/ui/file-upload.tsx
75:5  Warning: React Hook useCallback has missing dependencies: 'handleUpload' and 'validateFile'. Either include them or remove the dependency array.  react-hooks/exhaustive-deps

info  - Need to disable some ESLint rules? Learn more here: https://nextjs.org/docs/app/api-reference/config/eslint#disabling-rules
Failed to compile.

./components/layout/page-header.tsx:143:48
Type error: Type '{ width: number; height: number; priority: true; className: string; }' is not assignable to type 'IntrinsicAttributes & PGLogoProps'.
  Property 'priority' does not exist on type 'IntrinsicAttributes & PGLogoProps'.

[0m [90m 141 |[39m             [33m<[39m[33mdiv[39m className[33m=[39m[32m"relative overflow-hidden transition-transform duration-300 group-hover:scale-105 flex-shrink-0 transform-gpu"[39m[33m>[39m[0m
[0m [90m 142 |[39m               [33m<[39m[33mdiv[39m className[33m=[39m[32m"relative w-12 h-12 flex-shrink-0 min-w-[3rem]"[39m[33m>[39m[0m
[0m[31m[1m>[22m[39m[90m 143 |[39m                 [33m<[39m[33mPGLogo[39m width[33m=[39m{[35m48[39m} height[33m=[39m{[35m48[39m} priority className[33m=[39m[32m"transition-transform duration-300 transform-gpu"[39m [33m/[39m[33m>[39m[0m
[0m [90m     |[39m                                                [31m[1m^[22m[39m[0m
[0m [90m 144 |[39m                 [33m<[39m[33mdiv[39m className[33m=[39m[32m"absolute inset-0 bg-luxury-gradient-gold opacity-0 group-hover:opacity-20 transition-opacity duration-300 rounded-lg"[39m [33m/[39m[33m>[39m[0m
[0m [90m 145 |[39m               [33m<[39m[33m/[39m[33mdiv[39m[33m>[39m[0m
[0m [90m 146 |[39m             [33m<[39m[33m/[39m[33mdiv[39m[33m>[39m[0m
Next.js build worker exited with code: 1 and signal: null
